["777.7777.777.777"]